nohup: ignoring input
[INFO] 83개 md 파일 발견
[INFO] 1단계: 페이지 줄글 변환 중...
  변환중: strawberry_high_quality_manual_1.md (1/83)
  변환중: strawberry_high_quality_manual_10.md (2/83)
  변환중: strawberry_high_quality_manual_11.md (3/83)
  변환중: strawberry_high_quality_manual_12.md (4/83)
  변환중: strawberry_high_quality_manual_13.md (5/83)
  변환중: strawberry_high_quality_manual_14.md (6/83)
  변환중: strawberry_high_quality_manual_15.md (7/83)
  변환중: strawberry_high_quality_manual_16.md (8/83)
  변환중: strawberry_high_quality_manual_17.md (9/83)
  변환중: strawberry_high_quality_manual_18.md (10/83)
  변환중: strawberry_high_quality_manual_19.md (11/83)
  변환중: strawberry_high_quality_manual_2.md (12/83)
  변환중: strawberry_high_quality_manual_20.md (13/83)
  변환중: strawberry_high_quality_manual_21.md (14/83)
  변환중: strawberry_high_quality_manual_22.md (15/83)
  변환중: strawberry_high_quality_manual_23.md (16/83)
  변환중: strawberry_high_quality_manual_24.md (17/83)
  변환중: strawberry_high_quality_manual_25.md (18/83)
  변환중: strawberry_high_quality_manual_26.md (19/83)
  변환중: strawberry_high_quality_manual_27.md (20/83)
  변환중: strawberry_high_quality_manual_28.md (21/83)
  변환중: strawberry_high_quality_manual_29.md (22/83)
  변환중: strawberry_high_quality_manual_3.md (23/83)
  변환중: strawberry_high_quality_manual_30.md (24/83)
  변환중: strawberry_high_quality_manual_31.md (25/83)
  변환중: strawberry_high_quality_manual_32.md (26/83)
  변환중: strawberry_high_quality_manual_33.md (27/83)
  변환중: strawberry_high_quality_manual_34.md (28/83)
  변환중: strawberry_high_quality_manual_35.md (29/83)
  변환중: strawberry_high_quality_manual_36.md (30/83)
  변환중: strawberry_high_quality_manual_37.md (31/83)
  변환중: strawberry_high_quality_manual_38.md (32/83)
  변환중: strawberry_high_quality_manual_39.md (33/83)
  변환중: strawberry_high_quality_manual_4.md (34/83)
  변환중: strawberry_high_quality_manual_40.md (35/83)
  변환중: strawberry_high_quality_manual_41.md (36/83)
  변환중: strawberry_high_quality_manual_42.md (37/83)
  변환중: strawberry_high_quality_manual_43.md (38/83)
  변환중: strawberry_high_quality_manual_44.md (39/83)
  변환중: strawberry_high_quality_manual_45.md (40/83)
  변환중: strawberry_high_quality_manual_46.md (41/83)
  변환중: strawberry_high_quality_manual_47.md (42/83)
  변환중: strawberry_high_quality_manual_48.md (43/83)
  변환중: strawberry_high_quality_manual_49.md (44/83)
  변환중: strawberry_high_quality_manual_5.md (45/83)
  변환중: strawberry_high_quality_manual_50.md (46/83)
  변환중: strawberry_high_quality_manual_51.md (47/83)
  변환중: strawberry_high_quality_manual_52.md (48/83)
  변환중: strawberry_high_quality_manual_53.md (49/83)
  변환중: strawberry_high_quality_manual_54.md (50/83)
  변환중: strawberry_high_quality_manual_55.md (51/83)
  변환중: strawberry_high_quality_manual_56.md (52/83)
  변환중: strawberry_high_quality_manual_57.md (53/83)
  변환중: strawberry_high_quality_manual_58.md (54/83)
  변환중: strawberry_high_quality_manual_59.md (55/83)
  변환중: strawberry_high_quality_manual_6.md (56/83)
  변환중: strawberry_high_quality_manual_60.md (57/83)
  변환중: strawberry_high_quality_manual_61.md (58/83)
  변환중: strawberry_high_quality_manual_62.md (59/83)
  변환중: strawberry_high_quality_manual_63.md (60/83)
  변환중: strawberry_high_quality_manual_64.md (61/83)
  변환중: strawberry_high_quality_manual_65.md (62/83)
  변환중: strawberry_high_quality_manual_66.md (63/83)
  변환중: strawberry_high_quality_manual_67.md (64/83)
  변환중: strawberry_high_quality_manual_68.md (65/83)
  변환중: strawberry_high_quality_manual_69.md (66/83)
  변환중: strawberry_high_quality_manual_7.md (67/83)
  변환중: strawberry_high_quality_manual_70.md (68/83)
  변환중: strawberry_high_quality_manual_71.md (69/83)
  변환중: strawberry_high_quality_manual_72.md (70/83)
  변환중: strawberry_high_quality_manual_73.md (71/83)
  변환중: strawberry_high_quality_manual_74.md (72/83)
  변환중: strawberry_high_quality_manual_75.md (73/83)
  변환중: strawberry_high_quality_manual_76.md (74/83)
  변환중: strawberry_high_quality_manual_77.md (75/83)
  변환중: strawberry_high_quality_manual_78.md (76/83)
  변환중: strawberry_high_quality_manual_79.md (77/83)
  변환중: strawberry_high_quality_manual_8.md (78/83)
  변환중: strawberry_high_quality_manual_80.md (79/83)
  변환중: strawberry_high_quality_manual_81.md (80/83)
  변환중: strawberry_high_quality_manual_82.md (81/83)
  변환중: strawberry_high_quality_manual_83.md (82/83)
  변환중: strawberry_high_quality_manual_9.md (83/83)
[INFO] 83개 페이지 변환 완료
[INFO] 2단계: Lumber Chunking 중...
  페이지 2: [연속] 새로 추가된 내용은 딸기 품종인 설향에 대한 세부 정보와 방제를 포함하고 있어, 기존의 다수확 재배 매뉴얼의 주제와 관련이 있다.
  페이지 3: [경계] 새로 추가된 내용은 품종별 병해충 저항성 정도에 대한 비교와 새로운 품종의 과일 특성에 대한 정보로, 이전 내용과 주제가 완전히 바뀌어 있다.
  페이지 4: [연속] 새로 추가된 내용은 설향 품종의 수량성과 품질 특성에 대한 세부 정보를 제공하며, 기존 주제인 품종의 특성과 연관되어 있다.
  페이지 5: [경계] 새로 추가된 내용은 '과실모양에 대한 설명'이라는 새로운 주제를 소개하고 있어 문맥 단절이 발생합니다.
  페이지 6: [경계] 주제가 '설향 품종의 과실모양'에서 '육묘 관리'로 완전히 바뀌며, 과실모양과는 관련이 없는 내용으로 전환됨.
  페이지 7: [연속] 모주에 대한 구체적 관리 방법과 관련된 내용을 다루고 있으며, 기존 내용과 주제가 일관성을 유지하고 있음.
  페이지 8: [연속] 새로 추가된 내용은 모주의 관부 직경 및 자묘 발생량에 대한 세부 정보를 제공하며, 기존 내용과 주제인 육묘 관리 및 모주 관리와 밀접하게 연결되어 있어 문맥이 이어짐.
  페이지 9: [연속] 주제 및 대상이 계속해서 모주 및 자묘 관리에 관련된 내용으로 일관성이 유지됨.
  페이지 10: [경계] 새로운 내용에서 육묘 방법을 언급하며, 비가림 재배와 관련된 주제로 전환되고 있어 기존 내용의 주제인 모주와 자묘 관리에서 벗어나기 때문입니다.
  페이지 11: [연속] 새로 추가된 내용은 육묘 방법과 관련된 세부 내용으로, 기존에 다루었던 주제와 계속 연결되어 있으며, 주제 변화가 없다.
  페이지 12: [경계] 새로 추가된 내용은 딸기 고품질 다수확 재배 매뉴얼에 대한 전반적인 개요를 제공하며, 이전 내용과는 주제와 초점이 완전히 다른 새로운 정보를 포함하고 있습니다.
  페이지 13: [연속] 새로 추가된 내용은 딸기의 재배 방법 중 정식묘와 관련된 세부 내용을 다루고 있으며, 이는 전체 매뉴얼의 주제인 딸기 재배와 관련된 세부적인 지침으로 일관성을 유지하고 있습니다.
  페이지 14: [연속] 새로 추가된 내용은 기존 내용과 동일한 주제를 다루고 있으며, 딸기 재배의 세부적인 지침과 관리 방법을 구체적으로 설명하고 있어 문맥의 흐름이 유지됩니다.
  페이지 15: [경계] 새로 추가된 내용은 논의하고 있는 주제가 런너 절단 작업으로 완전히 바뀌며, 이전 내용과 관련성이 감소하여 문맥 단절이 발생함.
  페이지 16: [경계] 주제나 대상이 완전히 바뀌어 육묘기의 영양장애와 칼슘 결핍에 대한 내용으로 전환됨.
  페이지 17: [경계] 새로 추가된 내용은 칼슘 결핍에 관한 내용에서 탄저병과 관련된 다른 주제로 전환되었으며, 주제의 완전한 변경이 발생하였기 때문입니다.
  페이지 18: [연속] 새로 추가된 내용은 탄저병의 발생 원인과 방제 방법에 대한 세부 내용을 다루고 있으며, 기존 내용과 주제와 관련된 연속성을 유지하고 있다.
  페이지 19: [경계] 새로 추가된 내용은 모주가 고사하는 경우에 대한 설명으로, 기존 내용에서 다루던 탄저병 관련 세부 사항과는 다른 주제를 다루고 있으며, 모주 및 그 시드에 관한 고사 또는 관리 방법을 중심으로 내용이 전환되고 있습니다.
  페이지 20: [경계] 새롭게 추가된 내용은 딸기의 화아 분화와 관련된 재배 방식에 대한 설명으로, 기존의 모주 고사 및 방제 방법과는 주제와 대상이 완전히 달라지므로 문맥 단절이 발생한다.
  페이지 21: [경계] 새로운 내용은 '본포 관리'라는 완전히 다른 주제로 이동하여 기존의 꽃눈 분화 및 재배 방법과 관련이 없다.
  페이지 22: [연속] 새로 추가된 내용은 본포 관리의 정식 단계에 대한 구체적인 세부 내용을 제공하여 주제와 내용을 지속적으로 유지하고 있기 때문입니다.
  페이지 23: [경계] 새로 추가된 내용은 매뉴얼의 발행 정보 및 저자에 관한 것으로, 본포 관리 또는 딸기 재배에 관한 내용과는 주제가 전혀 다르기 때문에 문맥 단절이 발생함.
  페이지 24: [연속] 새로 추가된 내용은 정식 및 관리 방법에 대한 세부 사항으로, 기존의 딸기 품종 매뉴얼과 관련된 내용의 연속성 유지.
  페이지 25: [연속] 새로 추가된 내용은 기존 내용의 연장선상에 있으며, 2화방 분화 및 관리에 대한 세부 내용으로 이전 내용과 관련이 있습니다.
  페이지 26: [경계] 새로 추가된 내용은 과실 수확에 대한 정보로, 농작물의 생육 및 관리와는 다른 주제를 다루고 있다.
  페이지 27: [경계] 새로운 내용은 과실 수확 및 영양 관리에 관한 세부 내용에서 적화 및 전조 처리로 주제가 전환되어 논의되고 있기 때문입니다.
  페이지 28: [연속] 새로 추가된 내용도 딸기 재배와 관련된 주제로, 기존 내용과 관련하여 적화, 전조, 엽수 관리 및 온도 조절 등 딸기의 생육에 대한 세부 사항을 다루고 있어 문맥 단절이 없다.
  페이지 29: [경계] 새로 추가된 내용은 난방비와 경영 비용, 탄산가스 농도에 관한 설명을 포함하고 있으며, 이는 딸기 재배의 생리적 측면과 관련된 기존 내용과는 다른 주제 영역으로 보입니다.
  페이지 30: [경계] 새로 추가된 내용이 2월과 3월의 농업 관리에 대한 내용으로, 주제가 겨울철 난방과 탄산가스 농도 유지에서 계절 변화에 따른 식물의 생육과 관리로 완전히 바뀌었습니다.
  페이지 31: [경계] 새로 추가된 내용은 설향딸기에 관한 고품질 다수확 재배 매뉴얼로 주제가 완전히 바뀌기 때문입니다.
  페이지 32: [연속] 새로 추가된 내용은 설향딸기의 생육, 재배 관리 및 병해충 방제에 대한 구체적인 세부 사항으로, 기존 주제와 연관성이 유지됨
  페이지 33: [경계] 새로 추가된 내용에서 '잇빛공광이병'과 관련된 병해의 언급으로 인해 주제가 완전히 병해와 질병 관리로 전환됨. 기존 내용은 설향딸기의 재배 관리 및 성숙도 관련 내용이었기 때문에, 문맥적으로 단절된 것으로 판단.
  페이지 34: [경계] 새로 추가된 내용은 설향 품종의 주요 특성과 관련된 페이지 정보에 대한 설명으로, 기존 내용과 주제가 달라졌기 때문에 문맥 단절이 발생하고 있습니다.
  페이지 35: [연속] 새로 추가된 내용은 '주요 병해충 방제'와 관련된 세부 내용으로, 이전의 문맥과 주제적으로 연관이 있어 문맥 단절이 아니다.
  페이지 36: [연속] 병해에 대한 세부 내용 변화로, 같은 주제 내에서 구체적인 정보가 추가된 것에 해당함.
  페이지 37: [연속] 새로 추가된 내용은 딸기의 주요 병해 중 탄저병과 시들음병에 대한 방제 대책을 구체적으로 설명하고 있어, 이전 내용과 주제가 계속 연결되어 있다.
  페이지 38: [연속] 새로 추가된 내용은 시들음병에 대한 상세한 증상 및 방제 방법에 대한 설명이며, 기존 내용과 관련 있는 세부 내용의 변화이므로 문맥 단절이 아니다.
  페이지 39: [경계] 새로운 내용에서 역병에 관한 세부 정보가 추가되면서 특정 품종(설향)에 대한 발병 정도가 강조되지만, 내용이 갑자기 잿빛곰팡이병으로 전환되며 새로운 주제로 넘어가기 때문에 문맥 단절이 발생함.
  페이지 40: [연속] 새로 추가된 내용은 잿빛곰팡이병의 병원균과 관련된 세부 사항이며, 기존 내용에서 주제와 세부 내용 변화가 없으므로 문맥 단절이 없다.
  페이지 41: [연속] 새로운 내용은 잎과 꽃, 과일에 영향을 주는 다른 병에 대한 정보로, 이전 내용과 주제인 병원균과 발병 증상에 맞추어 연관성을 유지하고 있다.
  페이지 42: [경계] 새로 추가된 내용은 딸기의 주요 해충 발생특성과 방제 대책으로 주제가 크게 바뀌어 전혀 다른 내용으로 분류되므로 문맥 단절이 있다고 판단됨.
  페이지 43: [경계] 새로 추가된 내용이 점박이응애와 차먼지응애의 생태 및 생활사로 이어지지만, 이후 방제 방법 및 목화진딧물에 관한 내용이 전혀 다른 주제로 넘어가 문맥이 단절됨.
  페이지 44: [경계] 주제가 점박이응애 및 차먼지응애에서 목화진딧물로, 그 이후에 지과 작물과 화휘류 등의 해충으로 완전히 바뀌기 때문에 문맥 단절이 발생함.
  페이지 45: [경계] 새로 추가된 내용이 전혀 다른 주제인 '설향 품종의 주요 특성'에 대한 것이며, 이전 내용의 주제인 해충에 관한 정보와 상관이 없다.
  페이지 46: [경계] 주제가 '설향 품종의 주요 특성'에서 '대만총채벌레'로 완전히 바뀌어 문맥이 단절됨.
  페이지 47: [경계] 새로 추가된 내용에서 작은 뿌리파리로 주제가 완전히 변경됨.
  페이지 48: [경계] 새로운 내용은 방제 방법과 환경 조건에 대한 새로운 정보로, 기존의 작은 뿌리파리에 관한 내용과는 별개로 다루어지는 주제이기 때문입니다.
  페이지 49: [경계] 주요 작업 일정과 수확기라는 새로운 주제가 추가되어 기존 내용의 주제인 해충 발생 및 방제 방법과 완전히 다른 주제로 전환됨.
  페이지 50: [연속] 새로 추가된 내용은 기존의 종자 준비 및 육묘에 대한 세부 사항을 계속해서 다루고 있으며, 주제가 변경되지 않음
  페이지 51: [경계] 새로운 작업명인 '정식묘 관리'가 도입되며, 4~5월의 농가 점검 사항이 다루어져 주제와 대상을 전환함.
  페이지 52: [연속] 새로 추가된 내용은 5월부터 7월에 관련된 농가 점검 사항과 작업 내용으로, 기존 내용과 주제 및 작업 범위가 일관되며 연속적인 주제에 대한 세부 내용을 다루고 있다.
  페이지 53: [경계] 주제가 7월까지의 농가 점검 및 작업 내용에서 8월의 농가 점검과 작업으로 변경되었기 때문에 문맥 단절이 발생함.
  페이지 54: [경계] 주제가 8월의 점검 사항에서 정식기의 점검 사항으로 급격히 변경되어 문맥이 단절됨.
  페이지 55: [경계] 새로운 주제인 10월부터 12월까지의 농가 점검사항으로 변경되며, 보온 관리와 개화 및 수확 작업에 대한 내용으로 전환됨.
  페이지 56: [경계] 기존 내용은 딸기 재배 시 농가 점검 및 관리 방법에 관한 것으로, 추가된 내용은 특정 품종(설향)의 육성과 특성에 관한 내용으로 주제가 완전히 바뀐 것으로 판단됨.
  페이지 57: [연속] 새로운 내용이 수확기와 관련된 관리 사항을 다루고 있으며, 이전 내용과 딸기 품종에 대한 정보와 관련이 있으므로 주제가 일관되게 유지되고 있다.
  페이지 58: [경계] 새로 추가된 내용은 재배 방법인 토경 재배와 수경 재배에 대한 설명으로, 기존 내용이 설향 품종의 특성과 수확 관리에 대한 세부 정보에 중점을 둔 것과는 주제가 완전히 변경되었다.
  페이지 59: [경계] 새로 추가된 내용이 수확 및 선별, 포장 과정에 대해 다루고 있으며, 이는 재배 방식(토경 재배, 수경 재배)과는 완전히 다른 주제이기 때문입니다.
  페이지 60: [경계] 새로 추가된 내용이 딸기 등록 약제와 고품질 다수확 재배 매뉴얼에 관한 것으로, 이전 내용인 육묘와 관련된 단계와는 주제와 대상이 완전히 달라 문맥 단절이 발생함.
  페이지 61: [연속] 새로 추가된 내용은 2013년도 딸기 등록 약제에 대한 세부 정보와 사용 지침을 다루고 있으며, 주제는 일관되게 유지되고 있다.
  페이지 62: [연속] 새로 추가된 내용도 딸기 등록 약제 및 안전 사용 기준과 관련된 정보로, 동일한 주제 내에서의 세부 내용 변화이므로 문맥 단절이 아님.
  페이지 63: [연속] 새로 추가된 내용은 디페노코나졸 및 그와 관련된 제제에 대한 정보로, 기존의 내용과 주제와 대상이 일관되며 연속성을 유지하고 있다.
  페이지 64: [연속] 새로 추가된 내용이 기존 내용과 동일한 주제인 농약 및 그 사용 기준으로 되어 있어 문맥 단절이 없습니다.
  페이지 65: [경계] 새로 추가된 내용은 특정 병에 대한 정보로, 제목이나 주제가 완전히 바뀌어 새로운 주제로 전환되었다.
  페이지 66: [연속] 새로 추가된 내용은 카벤다짐 수화제와 관련된 정보 및 기타 살균제에 대한 처리 기준과 안전 기준을 포함하고 있어 기존의 주제와 연관성을 가지고 있다.
  페이지 67: [경계] 현재까지의 내용은 농약 사용 및 관련 규정에 대한 설명인 반면, 새로 추가된 내용은 특정 딸기 품종인 '설향'에 대한 재배 및 시장 점유율 정보로, 주제와 대상이 완전히 바뀌었다.
  페이지 68: [경계] 새로 추가된 내용은 특정 농약의 명칭과 사용법에 관한 것으로, 이전 내용과 주제가 완전히 다르며 농작물의 품종 및 그 특성에 대한 내용과의 관련성이 없다.
  페이지 69: [경계] 새로 추가된 내용에서 다루고 있는 특정 농약들과 기록된 IRAC 코드가 기존 내용과 전혀 다른 주제를 가져오기 때문에 문맥적으로 단절이 발생했습니다.
  페이지 70: [연속] 새로운 내용은 진딧물 및 작은뿌리파리 방제에 대한 사항으로, 기존 내용과 같은 주제인 방제 약제에 대한 세부 정보를 포함하고 있어 문맥 단절이 없습니다.
  페이지 71: [연속] 새로 추가된 내용은 기존의 방제 약제와 관련된 세부 정보로, 같은 주제 내 세부 내용의 변화로 판단됨.
  페이지 72: [연속] 새로 추가된 내용도 같은 주제인 방제 약제와 관련된 정보로, 약제의 성분, IRAC 코드, 희석 배수 및 안전 사용 기준을 다루고 있어 문맥 단절이 없습니다.
  페이지 73: [경계] 새로운 내용 부분에서 주제가 '제초제'로 완전히 바뀌며, 이전 내용의 주제인 '농약 및 살충제'와는 다른 대상에 대한 정보가 제공됨.
  페이지 74: [경계] 주제가 농약(살충제)에서 제초제로 변경되며, 이어서 생장조정제로 넘어가서 주제가 완전히 바뀌었다.
  페이지 75: [경계] 새로 추가된 내용은 설향딸기의 고품질 다수확 재배와 관련된 주제로, 이전 내용과 완전히 다른 주제(농약 및 생장조정제)에 대해 다루고 있다.
  페이지 76: [연속] 새로 추가된 내용은 작업 일지의 내용에 대한 세부 사항을 제공하고 있으며, 주제는 동일하게 작업 일지와 관련된 내용이다.
  페이지 77: [연속] 3월과 4월의 작업 내용은 기존의 월과 일에 따른 작업 기록의 연장선상에 있으며, 주제나 대상을 바꾸지 않고 세부 내용을 이어가고 있다.
  페이지 78: [경계] 새로운 내용은 작업 일지의 세부적인 기록과는 관련이 없고, 설향딸기의 재배 방법 및 품종 특성에 대한 내용으로 주제가 완전히 전환됨.
  페이지 79: [경계] 새로운 내용은 특정 작업 일정을 나열하고 있으며, 이전 내용은 설향 품종의 재배와 관련된 세부 정보로 주제가 변경되었다.
  페이지 80: [연속] 새로 추가된 내용이 5월과 6월에 대한 내용을 이어받아 7월과 8월에 대한 작업을 설명하며 연속성을 유지하므로 문맥 단절이 없다.
  페이지 81: [연속] 주제와 대상이 일관되며, 각 달에 대한 작업 내용을 연속적으로 설명하고 있다.
  페이지 82: [연속] 주제와 대상이 동일하게 유지되며, 월별 작업 내용에 대한 연속성 있는 서술이기 때문에 문맥 단절이 없습니다.
  페이지 83: [경계] 주제와 대상이 완전히 바뀌어, 특정 품종의 생육 특성과 식물학적 특성에 대한 정보로 전환됨.
[INFO] 47개 큰 청크 생성
[INFO] 3~4단계: Agentic Chunking + Decision 중...

  큰 청크 1/47 처리중...
  → 14개 agentic chunk 생성

  큰 청크 2/47 처리중...
  → 9개 agentic chunk 생성

  큰 청크 3/47 처리중...
  → [SKIP] 쓸모없는 청크

  큰 청크 4/47 처리중...
  → 30개 agentic chunk 생성

  큰 청크 5/47 처리중...
  → 12개 agentic chunk 생성

  큰 청크 6/47 처리중...
  → 16개 agentic chunk 생성

  큰 청크 7/47 처리중...
  → 8개 agentic chunk 생성

  큰 청크 8/47 처리중...
  → 12개 agentic chunk 생성

  큰 청크 9/47 처리중...
  → 17개 agentic chunk 생성

  큰 청크 10/47 처리중...
  → 5개 agentic chunk 생성

  큰 청크 11/47 처리중...
  → 11개 agentic chunk 생성

  큰 청크 12/47 처리중...
  → 8개 agentic chunk 생성

  큰 청크 13/47 처리중...
  → 15개 agentic chunk 생성

  큰 청크 14/47 처리중...
  → 14개 agentic chunk 생성

  큰 청크 15/47 처리중...
  → 18개 agentic chunk 생성

  큰 청크 16/47 처리중...
  → 7개 agentic chunk 생성

  큰 청크 17/47 처리중...
  → 5개 agentic chunk 생성

  큰 청크 18/47 처리중...
  → 8개 agentic chunk 생성

  큰 청크 19/47 처리중...
  → 7개 agentic chunk 생성

  큰 청크 20/47 처리중...
  → 15개 agentic chunk 생성

  큰 청크 21/47 처리중...
  → 17개 agentic chunk 생성

  큰 청크 22/47 처리중...
  → 9개 agentic chunk 생성

  큰 청크 23/47 처리중...
  → 5개 agentic chunk 생성

  큰 청크 24/47 처리중...
  → 8개 agentic chunk 생성

  큰 청크 25/47 처리중...
  → 7개 agentic chunk 생성

  큰 청크 26/47 처리중...
  → 8개 agentic chunk 생성

  큰 청크 27/47 처리중...
  → 10개 agentic chunk 생성

  큰 청크 28/47 처리중...
  → 5개 agentic chunk 생성

  큰 청크 29/47 처리중...
  → 5개 agentic chunk 생성

  큰 청크 30/47 처리중...
  → 5개 agentic chunk 생성

  큰 청크 31/47 처리중...
  → 16개 agentic chunk 생성

  큰 청크 32/47 처리중...
  → 4개 agentic chunk 생성

  큰 청크 33/47 처리중...
  → 10개 agentic chunk 생성

  큰 청크 34/47 처리중...
  → 14개 agentic chunk 생성

  큰 청크 35/47 처리중...
  → [SKIP] 쓸모없는 청크

  큰 청크 36/47 처리중...
  → 2개 agentic chunk 생성

  큰 청크 37/47 처리중...
  → 56개 agentic chunk 생성

  큰 청크 38/47 처리중...
  → 26개 agentic chunk 생성

  큰 청크 39/47 처리중...
  → 10개 agentic chunk 생성

  큰 청크 40/47 처리중...
  → 24개 agentic chunk 생성

  큰 청크 41/47 처리중...
  → 57개 agentic chunk 생성

  큰 청크 42/47 처리중...
  → 11개 agentic chunk 생성

  큰 청크 43/47 처리중...
  → 11개 agentic chunk 생성

  큰 청크 44/47 처리중...
  → 8개 agentic chunk 생성

  큰 청크 45/47 처리중...
  → 7개 agentic chunk 생성

  큰 청크 46/47 처리중...
  → 9개 agentic chunk 생성

  큰 청크 47/47 처리중...
  → 15개 agentic chunk 생성

[INFO] 총 590개 청크 저장 완료 → db/chunks_lumber/strawberry_high_quality_manual
